
[37mprimo_boomer[0m: Bonjour

[37mchandu16[0m: hi

[37mchandu16[0m: what are you building with rust?

[37mchandu16[0m: oh wow twitch inside vscode nice.

[37mchandu16[0m: never seen that before.

[37mchandu16[0m: it saves all the chat in a file?

[37mchandu16[0m: ok

[37mchandu16[0m: you do oop?

[37mchandu16[0m: with cpp and python
